// Jest Snapshot v1, https://goo.gl/fbAQLP

exports[`<Products /> should render correctly 1`] = `
<div
  className="wrapper"
>
  <div
    className="itemBox"
  >
    <div
      className="item"
    >
      <figure
        className="itemFigure"
      >
        <img
          alt="image"
          src="img"
        />
        <figcaption
          className="itemDescription"
        >
          <div
            className="itemTopLine"
          >
            <span
              className="itemNum"
            >
              # 1
            </span>
            <p
              className="itemName"
            >
              name
            </p>
            <p
              className="views"
            >
              Просмотров: 1000
            </p>
            <footer
              className="itemFooter"
            >
              <p
                className="rating"
              >
                8.5
              </p>
              <p
                className="votes"
              >
                (
                1
                 голосов)
              </p>
            </footer>
          </div>
        </figcaption>
      </figure>
    </div>
  </div>
</div>
`;

exports[`<Products /> should render correctly if loading true 1`] = `null`;
